###############################################################################
#
# IAR ELF Linker V9.10.2.313/W64 for ARM                  27/Aug/2021  10:45:15
# Copyright 2007-2021 IAR Systems AB.
#
#    Output file  =
#        C:\Users\brozo\Documents\utfpr 2021 2\Embarcados\Projeto
#        final\TM4C1294_RTOS_IAR9-main\Projects\tarefas\ewarm\Exe\tarefas.out
#    Map file     =
#        C:\Users\brozo\Documents\utfpr 2021 2\Embarcados\Projeto
#        final\TM4C1294_RTOS_IAR9-main\Projects\tarefas\ewarm\List\tarefas.map
#    Command line =
#        -f "C:\Users\brozo\Documents\utfpr 2021 2\Embarcados\Projeto
#        final\TM4C1294_RTOS_IAR9-main\Projects\tarefas\ewarm\Exe\tarefas.out.rsp"
#        ("C:\Users\brozo\Documents\utfpr 2021 2\Embarcados\Projeto
#        final\TM4C1294_RTOS_IAR9-main\Projects\tarefas\ewarm\Obj\driverleds.o"
#        "C:\Users\brozo\Documents\utfpr 2021 2\Embarcados\Projeto
#        final\TM4C1294_RTOS_IAR9-main\TivaWare_C_Series-2.1.4.178\driverlib\ewarm\Exe\driverlib.a"
#        "C:\Users\brozo\Documents\utfpr 2021 2\Embarcados\Projeto
#        final\TM4C1294_RTOS_IAR9-main\Projects\tarefas\ewarm\Obj\elevatorfunctions.o"
#        "C:\Users\brozo\Documents\utfpr 2021 2\Embarcados\Projeto
#        final\TM4C1294_RTOS_IAR9-main\Projects\tarefas\ewarm\Obj\main.o"
#        "C:\Users\brozo\Documents\utfpr 2021 2\Embarcados\Projeto
#        final\TM4C1294_RTOS_IAR9-main\CMSIS-5.6.0\CMSIS\RTOS2\RTX\Library\IAR\IDE\CM4F\Exe\RTX_CM.a"
#        "C:\Users\brozo\Documents\utfpr 2021 2\Embarcados\Projeto
#        final\TM4C1294_RTOS_IAR9-main\Projects\tarefas\ewarm\Obj\RTX_Config.o"
#        "C:\Users\brozo\Documents\utfpr 2021 2\Embarcados\Projeto
#        final\TM4C1294_RTOS_IAR9-main\Projects\tarefas\ewarm\Obj\rtx_lib.o"
#        "C:\Users\brozo\Documents\utfpr 2021 2\Embarcados\Projeto
#        final\TM4C1294_RTOS_IAR9-main\Projects\tarefas\ewarm\Obj\startup_TM4C1294.o"
#        "C:\Users\brozo\Documents\utfpr 2021 2\Embarcados\Projeto
#        final\TM4C1294_RTOS_IAR9-main\Projects\tarefas\ewarm\Obj\system_TM4C1294_TW.o"
#        "C:\Users\brozo\Documents\utfpr 2021 2\Embarcados\Projeto
#        final\TM4C1294_RTOS_IAR9-main\Projects\tarefas\ewarm\Obj\uart_device.o"
#        --no_out_extension -o "C:\Users\brozo\Documents\utfpr 2021
#        2\Embarcados\Projeto
#        final\TM4C1294_RTOS_IAR9-main\Projects\tarefas\ewarm\Exe\tarefas.out"
#        --map "C:\Users\brozo\Documents\utfpr 2021 2\Embarcados\Projeto
#        final\TM4C1294_RTOS_IAR9-main\Projects\tarefas\ewarm\List\tarefas.map"
#        --config "C:\Program Files\IAR Systems\Embedded Workbench
#        9.0\arm\config\linker\TexasInstruments\TM4C1294NC.icf" --semihosting
#        --entry __iar_program_start --vfe --text_out locale)
#
###############################################################################

*******************************************************************************
*** RUNTIME MODEL ATTRIBUTES
***

CppFlavor       = *
__SystemLibrary = DLib
__dlib_version  = 6


*******************************************************************************
*** HEAP SELECTION
***

The basic heap was selected because some modules are built with
size limitations (and not runtime checking), and --advanced_heap
was not specified.


*******************************************************************************
*** PLACEMENT SUMMARY
***

"A0":  place at address 0x0 { ro section .intvec };
"P1":  place in [from 0x0 to 0xf'ffff] { ro };
define block CSTACK with size = 32K, alignment = 8 { };
define block HEAP with size = 64K, alignment = 8 { };
"P2":  place in [from 0x2000'0000 to 0x2003'ffff] {
          rw, block CSTACK, block HEAP };
initialize by copy { rw };

  Section               Kind         Address    Size  Object
  -------               ----         -------    ----  ------
"A0":                                          0x26c
  .intvec               ro code          0x0   0x26c  startup_TM4C1294.o [1]
                                     - 0x26c   0x26c

"P1":                                         0x3a31
  .text                 ro code        0x26c   0xa64  rtx_thread.o [2]
  .text                 ro code        0xcd0     0x2  rtx_evr.o [2]
  .text                 ro code        0xcd2     0x2  rtx_evr.o [2]
  .text                 ro code        0xcd4     0x2  rtx_evr.o [2]
  .text                 ro code        0xcd6     0x2  rtx_evr.o [2]
  .text                 ro code        0xcd8     0x2  rtx_evr.o [2]
  .text                 ro code        0xcda     0x2  rtx_evr.o [2]
  .text                 ro code        0xcdc     0x2  rtx_evr.o [2]
  .text                 ro code        0xcde     0x2  rtx_evr.o [2]
  .text                 ro code        0xce0     0x2  rtx_evr.o [2]
  .text                 ro code        0xce2     0x2  rtx_evr.o [2]
  .text                 ro code        0xce4    0x28  rtx_thread.o [2]
  .text                 ro code        0xd0c     0x2  rtx_evr.o [2]
  .text                 ro code        0xd0e     0x2  rtx_evr.o [2]
  .text                 ro code        0xd10     0x2  rtx_evr.o [2]
  .text                 ro code        0xd12    0x3a  packbits_init_single.o [6]
  .text                 ro code        0xd4c    0xe6  rtx_mempool.o [2]
  .text                 ro code        0xe32     0x2  rtx_evr.o [2]
  .text                 ro code        0xe34    0x84  rtx_memory.o [2]
  .text                 ro code        0xeb8     0x6  ABImemclr4.o [6]
  .text                 ro code        0xebe     0x2  rtx_evr.o [2]
  .text                 ro code        0xec0    0x4a  rtx_memory.o [2]
  .text                 ro code        0xf0a     0x2  rtx_evr.o [2]
  .text                 ro code        0xf0c    0x52  rtx_mutex.o [2]
  .text                 ro code        0xf5e     0x2  rtx_evr.o [2]
  .text                 ro code        0xf60     0x2  rtx_evr.o [2]
  .text                 ro code        0xf62     0x2  rtx_evr.o [2]
  .text                 ro code        0xf64     0x2  rtx_evr.o [2]
  .text                 ro code        0xf66     0x2  rtx_evr.o [2]
  .text                 ro code        0xf68     0x2  rtx_evr.o [2]
  .text                 ro code        0xf6a     0x2  rtx_evr.o [2]
  .text                 ro code        0xf6c     0x2  rtx_evr.o [2]
  .text                 ro code        0xf6e     0x2  rtx_evr.o [2]
  .text                 ro code        0xf70     0x2  rtx_evr.o [2]
  .text                 ro code        0xf72    0x1e  xsscin.o [3]
  .text                 ro code        0xf90   0x174  rtx_system.o [2]
  .text                 ro code       0x1104     0x2  rtx_evr.o [2]
  .text                 ro code       0x1106    0x20  RTX_Config.o [1]
  .text                 ro code       0x1126     0x2  rtx_evr.o [2]
  .text                 ro code       0x1128     0x2  rtx_evr.o [2]
  .text                 ro code       0x112a     0x2  rtx_evr.o [2]
  .text                 ro code       0x112c     0x2  rtx_evr.o [2]
  .text                 ro code       0x112e     0xa  xsprout.o [3]
  .text                 ro code       0x1138    0x32  ABImemset48.o [6]
  .text                 ro code       0x116a     0x2  rtx_evr.o [2]
  .text                 ro code       0x116c     0x2  rtx_evr.o [2]
  .text                 ro code       0x116e     0x2  rtx_evr.o [2]
  .text                 ro code       0x1170     0xc  os_systick.o [2]
  .text                 ro code       0x117c   0x768  xscanflarge_nomb.o [3]
  .text                 ro code       0x18e4    0x16  strchr.o [6]
  .text                 ro code       0x18fa     0x2  RTX_Config.o [1]
  .text                 ro code       0x18fc   0x14a  iar_Stoulx.o [3]
  .text                 ro code       0x1a46    0x94  iar_Stolx.o [3]
  .text                 ro code       0x1adc    0x40  xfail_s.o [3]
  .text                 ro code       0x1b1c    0x58  memchr.o [6]
  .text                 ro code       0x1b74     0x6  abort.o [3]
  .text                 ro code       0x1b7c    0x14  exit.o [7]
  .text                 ro code       0x1b90   0x61c  rtx_msgqueue.o [2]
  .text                 ro code       0x21ac    0xa6  ABImemcpy.o [6]
  .text                 ro code       0x2252     0x2  rtx_evr.o [2]
  .text                 ro code       0x2254     0x2  rtx_evr.o [2]
  .text                 ro code       0x2256     0x2  rtx_evr.o [2]
  .text                 ro code       0x2258     0x6  ABImemclr.o [6]
  .text                 ro code       0x225e     0x2  rtx_evr.o [2]
  .text                 ro code       0x2260     0x2  rtx_evr.o [2]
  .text                 ro code       0x2262     0x2  rtx_evr.o [2]
  .text                 ro code       0x2264     0x2  rtx_evr.o [2]
  .text                 ro code       0x2266     0x2  rtx_evr.o [2]
  .text                 ro code       0x2268     0x2  rtx_evr.o [2]
  .text                 ro code       0x226a     0x2  rtx_evr.o [2]
  .text                 ro code       0x226c     0x2  rtx_evr.o [2]
  .text                 ro code       0x226e     0x2  rtx_evr.o [2]
  .text                 ro code       0x2270    0x5e  ABImemset.o [6]
  .text                 ro code       0x22d0   0x4c6  elevatorfunctions.o [1]
  .text                 ro code       0x2798    0x40  sprintf.o [3]
  .text                 ro code       0x27d8   0x234  rtx_timer.o [2]
  .text                 ro code       0x2a0c    0x28  sscanf.o [3]
  .text                 ro code       0x2a34   0x136  xprintftiny.o [3]
  .text                 ro code       0x2b6a     0x2  rtx_evr.o [2]
  .text                 ro code       0x2b6c     0x2  rtx_evr.o [2]
  .text                 ro code       0x2b6e     0x2  rtx_evr.o [2]
  .text                 ro code       0x2b70     0x2  rtx_evr.o [2]
  .text                 ro code       0x2b72     0x2  rtx_evr.o [2]
  .text                 ro code       0x2b74    0x36  strlen.o [6]
  .text                 ro code       0x2bac   0x294  rtx_kernel.o [2]
  .text                 ro code       0x2e40     0x2  rtx_evr.o [2]
  .text                 ro code       0x2e42    0x44  rtx_memory.o [2]
  .text                 ro code       0x2e86     0x2  rtx_evr.o [2]
  .text                 ro code       0x2e88     0x2  rtx_evr.o [2]
  .text                 ro code       0x2e8c    0x40  os_systick.o [2]
  .text                 ro code       0x2ecc     0x6  os_systick.o [2]
  .text                 ro code       0x2ed4    0x2c  os_systick.o [2]
  .text                 ro code       0x2f00     0x2  rtx_evr.o [2]
  .text                 ro code       0x2f02     0x2  rtx_lib.o [1]
  .text                 ro code       0x2f04     0x2  rtx_evr.o [2]
  .text                 ro code       0x2f06     0x2  rtx_evr.o [2]
  .text                 ro code       0x2f08     0x2  rtx_evr.o [2]
  .text                 ro code       0x2f0c   0x258  sysctl.o [4]
  .text                 ro code       0x3164   0x220  uart_device.o [1]
  .text                 ro code       0x3384    0x96  uart.o [4]
  .text                 ro code       0x341c    0xa0  interrupt.o [4]
  .rodata               const         0x34bc   0x1b0  sysctl.o [4]
  .text                 ro code       0x366c   0x158  main.o [1]
  .text                 ro code       0x37c4    0x30  system_TM4C1294_TW.o [1]
  .text                 ro code       0x37f4    0xc4  irq_cm4f.o [2]
  .rodata               const         0x38b8    0x80  uart.o [4]
  .rodata               const         0x3938    0x6c  sysctl.o [4]
  .rodata               const         0x39a4    0x68  rtx_lib.o [1]
  .rodata               const         0x3a0c    0x50  iar_Stoulx.o [3]
  .text                 ro code       0x3a5c    0x44  rtx_timer.o [2]
  .text                 ro code       0x3aa0     0x2  rtx_evr.o [2]
  .text                 ro code       0x3aa2    0x38  zero_init3.o [6]
  .rodata               const         0x3adc    0x30  sysctl.o [4]
  .text                 ro code       0x3b0c    0x28  data_init.o [6]
  .rodata               const         0x3b34    0x24  rtx_lib.o [1]
  .rodata               const         0x3b58    0x24  rtx_lib.o [1]
  .rodata               const         0x3b7c    0x24  xscanflarge_nomb.o [3]
  .text                 ro code       0x3ba0    0x22  fpinit_M.o [5]
  .iar.init_table       const         0x3bc4    0x20  - Linker created -
  .text                 ro code       0x3be4    0x1e  cmain.o [6]
  .text                 ro code       0x3c02     0x4  low_level_init.o [3]
  .text                 ro code       0x3c06     0x4  exit.o [3]
  .text                 ro code       0x3c0c     0xa  cexit.o [6]
  .text                 ro code       0x3c18    0x1c  cstartup_M.o [6]
  .rodata               const         0x3c34    0x18  rtx_lib.o [1]
  .text                 ro code       0x3c4c    0x10  startup_TM4C1294.o [1]
  .rodata               const         0x3c5c     0xc  elevatorfunctions.o [1]
  .rodata               const         0x3c68     0x8  elevatorfunctions.o [1]
  .rodata               const         0x3c70     0x4  rtx_lib.o [1]
  .text                 ro code       0x3c74     0x4  startup_TM4C1294.o [1]
  .text                 ro code       0x3c78     0x4  startup_TM4C1294.o [1]
  .text                 ro code       0x3c7c     0x4  startup_TM4C1294.o [1]
  .text                 ro code       0x3c80     0x4  startup_TM4C1294.o [1]
  .text                 ro code       0x3c84     0x4  startup_TM4C1294.o [1]
  .text                 ro code       0x3c88     0x4  startup_TM4C1294.o [1]
  .text                 ro code       0x3c8c     0x4  startup_TM4C1294.o [1]
  .rodata               const         0x3c90     0x0  zero_init3.o [6]
  .rodata               const         0x3c90     0x0  packbits_init_single.o [6]
  Initializer bytes     const         0x3c90     0xd  <for P2-1>
                                    - 0x3c9d  0x3a31

"P2", part 1 of 3:                              0xa4
  P2-1                           0x2000'0000    0xa4  <Init block>
    .data.os            inited   0x2000'0000    0xa4  rtx_kernel.o [2]
                               - 0x2000'00a4    0xa4

"P2", part 2 of 3:                            0x22f4
  .bss.os               zero     0x2000'00a8  0x2000  rtx_lib.o [1]
  .bss.os.thread.stack  zero     0x2000'20a8   0x100  rtx_lib.o [1]
  .bss.os.msgqueue.mem  zero     0x2000'21a8    0x50  rtx_lib.o [1]
  .bss.os.thread.stack  zero     0x2000'21f8    0x48  rtx_lib.o [1]
  .bss.os.thread.cb     zero     0x2000'2240    0x44  rtx_lib.o [1]
  .bss.os.thread.cb     zero     0x2000'2284    0x44  rtx_lib.o [1]
  .bss.os               zero     0x2000'22c8    0x40  rtx_lib.o [1]
  .bss.os.msgqueue.cb   zero     0x2000'2308    0x34  rtx_lib.o [1]
  .bss                  zero     0x2000'233c    0x30  main.o [1]
  .bss                  zero     0x2000'236c     0xc  main.o [1]
  .bss                  zero     0x2000'2378     0xc  main.o [1]
  .bss                  zero     0x2000'2384     0x4  main.o [1]
  .bss                  zero     0x2000'2388     0x4  main.o [1]
  .bss                  zero     0x2000'238c     0x4  main.o [1]
  .bss                  zero     0x2000'2390     0x4  xfail_s.o [3]
  .bss                  zero     0x2000'2394     0x1  os_systick.o [2]
                               - 0x2000'2395  0x22f1

"P2", part 3 of 3:                            0x8270
  VTABLE                uninit   0x2000'2400   0x26c  interrupt.o [4]
  .noinit               uninit   0x2000'266c     0x4  system_TM4C1294_TW.o [1]
  CSTACK                         0x2000'2670  0x8000  <Block>
    CSTACK              uninit   0x2000'2670  0x8000  <Block tail>
                               - 0x2000'a670  0x8270

Unused ranges:

         From           To      Size
         ----           --      ----
       0x3c9d     0xf'ffff  0xf'c363
  0x2000'2398  0x2000'23ff      0x68
  0x2000'a670  0x2003'ffff  0x3'5990


*******************************************************************************
*** INIT TABLE
***

          Address      Size
          -------      ----
Zero (__iar_zero_init3)
    1 destination range, total size 0x22ed:
          0x2000'00a8  0x22ed

Copy/packbits (__iar_packbits_init_single3)
    1 source range, total size 0xd (7% of destination):
               0x3c90     0xd
    1 destination range, total size 0xa4:
          0x2000'0000    0xa4



*******************************************************************************
*** MODULE SUMMARY
***

    Module                  ro code  ro data  rw data
    ------                  -------  -------  -------
command line/config:
    -------------------------------------------------
    Total:

C:\Users\brozo\Documents\utfpr 2021 2\Embarcados\Projeto final\TM4C1294_RTOS_IAR9-main\Projects\tarefas\ewarm\Obj: [1]
    RTX_Config.o                 34
    elevatorfunctions.o       1'222       20
    main.o                      344                84
    rtx_lib.o                     2      204    8'852
    startup_TM4C1294.o          664
    system_TM4C1294_TW.o         48                 4
    uart_device.o               544
    -------------------------------------------------
    Total:                    2'858      224    8'940

RTX_CM.a: [2]
    irq_cm4f.o                  196
    os_systick.o                126                 1
    rtx_evr.o                   118
    rtx_kernel.o                660       13      164
    rtx_memory.o                274
    rtx_mempool.o               230
    rtx_msgqueue.o            1'564
    rtx_mutex.o                  82
    rtx_system.o                372
    rtx_thread.o              2'700
    rtx_timer.o                 632
    -------------------------------------------------
    Total:                    6'954       13      165

dl7M_tln.a: [3]
    abort.o                       6
    exit.o                        4
    iar_Stolx.o                 148
    iar_Stoulx.o                330       80
    low_level_init.o              4
    sprintf.o                    64
    sscanf.o                     40
    xfail_s.o                    64                 4
    xprintftiny.o               310
    xscanflarge_nomb.o        1'896       36
    xsprout.o                    10
    xsscin.o                     30
    -------------------------------------------------
    Total:                    2'906      116        4

driverlib.a: [4]
    interrupt.o                 160               620
    sysctl.o                    600      588
    uart.o                      150      128
    -------------------------------------------------
    Total:                      910      716      620

m7M_tls.a: [5]
    fpinit_M.o                   34
    -------------------------------------------------
    Total:                       34

rt7M_tl.a: [6]
    ABImemclr.o                   6
    ABImemclr4.o                  6
    ABImemcpy.o                 166
    ABImemset.o                  94
    ABImemset48.o                50
    cexit.o                      10
    cmain.o                      30
    cstartup_M.o                 28
    data_init.o                  40
    memchr.o                     88
    packbits_init_single.o       58
    strchr.o                     22
    strlen.o                     54
    zero_init3.o                 56
    -------------------------------------------------
    Total:                      708

shb_l.a: [7]
    exit.o                       20
    -------------------------------------------------
    Total:                       20

    Gaps                         22        4        4
    Linker created                        32   32'768
-----------------------------------------------------
    Grand Total:             14'412    1'105   42'501


*******************************************************************************
*** ENTRY LIST
***

Entry                       Address    Size  Type      Object
-----                       -------    ----  ----      ------
.iar.init_table$$Base        0x3bc4           --   Gb  - Linker created -
.iar.init_table$$Limit       0x3be4           --   Gb  - Linker created -
?main                        0x3be5          Code  Gb  cmain.o [6]
CSTACK$$Base            0x2000'2670           --   Gb  - Linker created -
CSTACK$$Limit           0x2000'a670           --   Gb  - Linker created -
EvrRtxDelayCompleted          0xcd1     0x2  Code  Gb  rtx_evr.o [2]
EvrRtxEventFlagsWaitTimeout
                              0xcd5     0x2  Code  Gb  rtx_evr.o [2]
EvrRtxKernelError            0x2e41     0x2  Code  Gb  rtx_evr.o [2]
EvrRtxKernelGetState         0x2e89     0x2  Code  Gb  rtx_evr.o [2]
EvrRtxKernelInitialize       0x2f05     0x2  Code  Gb  rtx_evr.o [2]
EvrRtxKernelInitialized
                             0x2e87     0x2  Code  Gb  rtx_evr.o [2]
EvrRtxKernelStart            0x2f07     0x2  Code  Gb  rtx_evr.o [2]
EvrRtxKernelStarted          0x2f01     0x2  Code  Gb  rtx_evr.o [2]
EvrRtxMemoryAlloc            0x112d     0x2  Code  Gb  rtx_evr.o [2]
EvrRtxMemoryBlockAlloc       0x1129     0x2  Code  Gb  rtx_evr.o [2]
EvrRtxMemoryBlockFree        0x112b     0x2  Code  Gb  rtx_evr.o [2]
EvrRtxMemoryBlockInit        0x1127     0x2  Code  Gb  rtx_evr.o [2]
EvrRtxMemoryFree             0x116b     0x2  Code  Gb  rtx_evr.o [2]
EvrRtxMemoryInit             0x2f09     0x2  Code  Gb  rtx_evr.o [2]
EvrRtxMemoryPoolAllocTimeout
                              0xcdb     0x2  Code  Gb  rtx_evr.o [2]
EvrRtxMessageQueueCreated
                             0x225f     0x2  Code  Gb  rtx_evr.o [2]
EvrRtxMessageQueueError
                             0x2257     0x2  Code  Gb  rtx_evr.o [2]
EvrRtxMessageQueueGet        0x226f     0x2  Code  Gb  rtx_evr.o [2]
EvrRtxMessageQueueGetPending
                             0x2265     0x2  Code  Gb  rtx_evr.o [2]
EvrRtxMessageQueueGetTimeout
                              0xcdd     0x2  Code  Gb  rtx_evr.o [2]
EvrRtxMessageQueueInsertPending
                             0x226d     0x2  Code  Gb  rtx_evr.o [2]
EvrRtxMessageQueueInserted
                             0x2253     0x2  Code  Gb  rtx_evr.o [2]
EvrRtxMessageQueueNew        0x2269     0x2  Code  Gb  rtx_evr.o [2]
EvrRtxMessageQueueNotInserted
                             0x2263     0x2  Code  Gb  rtx_evr.o [2]
EvrRtxMessageQueueNotRetrieved
                             0x2267     0x2  Code  Gb  rtx_evr.o [2]
EvrRtxMessageQueuePut        0x226b     0x2  Code  Gb  rtx_evr.o [2]
EvrRtxMessageQueuePutPending
                             0x2261     0x2  Code  Gb  rtx_evr.o [2]
EvrRtxMessageQueuePutTimeout
                              0xcdf     0x2  Code  Gb  rtx_evr.o [2]
EvrRtxMessageQueueRetrieved
                             0x2255     0x2  Code  Gb  rtx_evr.o [2]
EvrRtxMutexAcquireTimeout
                              0xcd7     0x2  Code  Gb  rtx_evr.o [2]
EvrRtxMutexAcquired          0x116f     0x2  Code  Gb  rtx_evr.o [2]
EvrRtxMutexReleased          0x116d     0x2  Code  Gb  rtx_evr.o [2]
EvrRtxSemaphoreAcquireTimeout
                              0xcd9     0x2  Code  Gb  rtx_evr.o [2]
EvrRtxThreadBlocked           0xd0f     0x2  Code  Gb  rtx_evr.o [2]
EvrRtxThreadCreated           0xebf     0x2  Code  Gb  rtx_evr.o [2]
EvrRtxThreadDestroyed         0xf61     0x2  Code  Gb  rtx_evr.o [2]
EvrRtxThreadError             0xe33     0x2  Code  Gb  rtx_evr.o [2]
EvrRtxThreadExit              0xf6f     0x2  Code  Gb  rtx_evr.o [2]
EvrRtxThreadFlagsError        0xf63     0x2  Code  Gb  rtx_evr.o [2]
EvrRtxThreadFlagsSet          0xf71     0x2  Code  Gb  rtx_evr.o [2]
EvrRtxThreadFlagsSetDone
                              0xf65     0x2  Code  Gb  rtx_evr.o [2]
EvrRtxThreadFlagsWait        0x1105     0x2  Code  Gb  rtx_evr.o [2]
EvrRtxThreadFlagsWaitCompleted
                              0xd11     0x2  Code  Gb  rtx_evr.o [2]
EvrRtxThreadFlagsWaitNotCompleted
                              0xf69     0x2  Code  Gb  rtx_evr.o [2]
EvrRtxThreadFlagsWaitPending
                              0xf67     0x2  Code  Gb  rtx_evr.o [2]
EvrRtxThreadFlagsWaitTimeout
                              0xcd3     0x2  Code  Gb  rtx_evr.o [2]
EvrRtxThreadJoined            0xf5f     0x2  Code  Gb  rtx_evr.o [2]
EvrRtxThreadNew               0xf6b     0x2  Code  Gb  rtx_evr.o [2]
EvrRtxThreadPreempted         0xce3     0x2  Code  Gb  rtx_evr.o [2]
EvrRtxThreadPriorityUpdated
                              0xf0b     0x2  Code  Gb  rtx_evr.o [2]
EvrRtxThreadSetPriority
                              0xf6d     0x2  Code  Gb  rtx_evr.o [2]
EvrRtxThreadSwitched          0xd0d     0x2  Code  Gb  rtx_evr.o [2]
EvrRtxThreadUnblocked         0xce1     0x2  Code  Gb  rtx_evr.o [2]
EvrRtxTimerCallback          0x3aa1     0x2  Code  Gb  rtx_evr.o [2]
EvrRtxTimerCreated           0x2b6b     0x2  Code  Gb  rtx_evr.o [2]
EvrRtxTimerError             0x2b6d     0x2  Code  Gb  rtx_evr.o [2]
EvrRtxTimerNew               0x2b71     0x2  Code  Gb  rtx_evr.o [2]
EvrRtxTimerStart             0x2b73     0x2  Code  Gb  rtx_evr.o [2]
EvrRtxTimerStarted           0x2b6f     0x2  Code  Gb  rtx_evr.o [2]
IntEnable                    0x3445    0x52  Code  Gb  interrupt.o [4]
IntRegister                  0x341d    0x28  Code  Gb  interrupt.o [4]
MessageQueueGet              0x1bdd    0x40  Code  Lc  rtx_msgqueue.o [2]
MessageQueuePut              0x1b91    0x4a  Code  Lc  rtx_msgqueue.o [2]
MessageQueueRemove           0x1c1d    0x1a  Code  Lc  rtx_msgqueue.o [2]
OS_Tick_AcknowledgeIRQ       0x1171     0xc  Code  Gb  os_systick.o [2]
OS_Tick_Enable               0x2ed5    0x2c  Code  Gb  os_systick.o [2]
OS_Tick_GetIRQn              0x2ecd     0x6  Code  Gb  os_systick.o [2]
OS_Tick_Setup                0x2e8d    0x40  Code  Gb  os_systick.o [2]
PendST                  0x2000'2394     0x1  Data  Lc  os_systick.o [2]
PendSV_Handler               0x388d          Code  Gb  irq_cm4f.o [2]
Region$$Table$$Base          0x3bc4           --   Gb  - Linker created -
Region$$Table$$Limit         0x3be4           --   Gb  - Linker created -
SVC_Handler                  0x37f5          Code  Gb  irq_cm4f.o [2]
SysCtlClockFreqSet           0x2f2f   0x1fc  Code  Gb  sysctl.o [4]
SysTick_Handler              0x389d          Code  Gb  irq_cm4f.o [2]
SystemCoreClock         0x2000'266c     0x4  Data  Gb  system_TM4C1294_TW.o [1]
SystemInit                   0x37c5    0x1c  Code  Gb  system_TM4C1294_TW.o [1]
ThreadFlagsCheck              0x26d    0x6c  Code  Lc  rtx_thread.o [2]
TimerInsert                  0x27d9    0x38  Code  Lc  rtx_timer.o [2]
TimerRemove                  0x2811    0x22  Code  Lc  rtx_timer.o [2]
UARTCharGet                  0x33d7     0xe  Code  Gb  uart.o [4]
UARTCharPut                  0x33e5    0x10  Code  Gb  uart.o [4]
UARTFIFOLevelSet             0x33b7     0x8  Code  Gb  uart.o [4]
UARTIntClear                 0x3415     0x6  Code  Gb  uart.o [4]
UARTIntEnable                0x340f     0x6  Code  Gb  uart.o [4]
UARTIntRegister              0x33f5    0x1a  Code  Gb  uart.o [4]
UARTRxHandler                0x3231    0x16  Code  Gb  uart_device.o [1]
UARTTxThread            0x2000'2388     0x4  Data  Gb  main.o [1]
_GetstrLargeNoMb             0x16dd   0x1a8  Code  Lc  xscanflarge_nomb.o [3]
_PrintfTiny                  0x2a4d   0x11e  Code  Gb  xprintftiny.o [3]
_SProut                      0x112f     0xa  Code  Gb  xsprout.o [3]
_SScin                        0xf73    0x1e  Code  Gb  xsscin.o [3]
_ScanfLargeNoMb              0x1197   0x4fe  Code  Gb  xscanflarge_nomb.o [3]
_SysCtlMemTimingGet          0x2f0d    0x22  Code  Lc  sysctl.o [4]
_UARTIntNumberGet            0x3385    0x32  Code  Lc  uart.o [4]
_UngetN                      0x117d    0x1a  Code  Lc  xscanflarge_nomb.o [3]
__Vectors                       0x0           --   Gb  startup_TM4C1294.o [1]
__Vectors_End                 0x26c          Data  Gb  startup_TM4C1294.o [1]
__Vectors_Size {Abs}          0x26c           --   Gb  startup_TM4C1294.o [1]
__aeabi_memclr               0x2259          Code  Gb  ABImemclr.o [6]
__aeabi_memclr4               0xeb9          Code  Gb  ABImemclr4.o [6]
__aeabi_memcpy               0x21ad          Code  Gb  ABImemcpy.o [6]
__aeabi_memcpy4              0x21cd          Code  Gb  ABImemcpy.o [6]
__aeabi_memcpy8              0x21cd          Code  Gb  ABImemcpy.o [6]
__cmain                      0x3be5          Code  Gb  cmain.o [6]
__exit                       0x1b7d    0x14  Code  Gb  exit.o [7]
__iar_Fail_s                 0x1add    0x1c  Code  Gb  xfail_s.o [3]
__iar_Memchr                 0x1b1d          Code  Gb  memchr.o [6]
__iar_Memset4_word           0x1139          Code  Gb  ABImemset48.o [6]
__iar_Memset8_word           0x1139          Code  Gb  ABImemset48.o [6]
__iar_Memset_word            0x2271          Code  Gb  ABImemset.o [6]
__iar_Stolx                  0x1a47    0x90  Code  Gb  iar_Stolx.o [3]
__iar_Stoulx                 0x18fd   0x13e  Code  Gb  iar_Stoulx.o [3]
__iar_Strchr                 0x18e5          Code  Gb  strchr.o [6]
__iar_data_init3             0x3b0d    0x28  Code  Gb  data_init.o [6]
__iar_init_vfp               0x3ba1          Code  Gb  fpinit_M.o [5]
__iar_packbits_init_single3
                              0xd13    0x3a  Code  Gb  packbits_init_single.o [6]
__iar_program_start          0x3c19          Code  Gb  cstartup_M.o [6]
__iar_zero_init3             0x3aa3    0x38  Code  Gb  zero_init3.o [6]
__low_level_init             0x3c03     0x4  Code  Gb  low_level_init.o [3]
__vector_table                  0x0          Data  Gb  startup_TM4C1294.o [1]
__vector_table_0x1c            0x1c          Data  Gb  startup_TM4C1294.o [1]
_call_main                   0x3bf1          Code  Gb  cmain.o [6]
_exit                        0x3c0d          Code  Gb  cexit.o [6]
abort                        0x1b75     0x6  Code  Gb  abort.o [3]
digits                       0x3a34    0x28  Data  Lc  iar_Stoulx.o [3]
elevatorController           0x22d1   0x18e  Code  Gb  elevatorfunctions.o [1]
elevatorControllerThreads
                        0x2000'236c     0xc  Data  Gb  main.o [1]
elevatorMananger             0x246d   0x1f0  Code  Gb  elevatorfunctions.o [1]
elevatorManangerThreads
                        0x2000'2378     0xc  Data  Gb  main.o [1]
elevators               0x2000'233c    0x30  Data  Gb  main.o [1]
exit                         0x3c07     0x4  Code  Gb  exit.o [3]
findNextFloor                0x2675   0x116  Code  Gb  elevatorfunctions.o [1]
g_pfnRAMVectors         0x2000'2400   0x26c  Data  Lc  interrupt.o [4]
g_pppui32XTALtoVCO           0x34bc   0x1b0  Data  Lc  sysctl.o [4]
g_ppui32UARTIntMap           0x38b8    0x40  Data  Lc  uart.o [4]
g_ppui32UARTIntMapSnowflake
                             0x38f8    0x40  Data  Lc  uart.o [4]
g_pui32EnRegs                0x34a8    0x14  Data  Lc  interrupt.o [4]
g_pui32VCOFrequencies        0x315c     0x8  Data  Lc  sysctl.o [4]
g_pui32Xtals                 0x3938    0x6c  Data  Lc  sysctl.o [4]
g_sXTALtoMEMTIM              0x3adc    0x30  Data  Lc  sysctl.o [4]
initUART                     0x3165    0xca  Code  Gb  uart_device.o [1]
main                         0x366d   0x158  Code  Gb  main.o [1]
memchr                       0x1b1d          Code  Gb  memchr.o [6]
msgTxUARTQueue          0x2000'238c     0x4  Data  Gb  main.o [1]
ndigs                        0x3a0c    0x28  Data  Lc  iar_Stoulx.o [3]
newMessage                   0x3283    0xb4  Code  Gb  uart_device.o [1]
newMessageThread        0x2000'2384     0x4  Data  Gb  main.o [1]
osKernelGetState             0x2da5    0x40  Code  Gb  rtx_kernel.o [2]
osKernelInitialize           0x2d6d    0x38  Code  Gb  rtx_kernel.o [2]
osKernelStart                0x2de5    0x34  Code  Gb  rtx_kernel.o [2]
osMessageQueueGet            0x2109    0x90  Code  Gb  rtx_msgqueue.o [2]
osMessageQueueNew            0x2031    0x3e  Code  Gb  rtx_msgqueue.o [2]
osMessageQueuePut            0x2071    0x98  Code  Gb  rtx_msgqueue.o [2]
osRtxConfig                  0x39a4    0x68  Data  Gb  rtx_lib.o [1]
osRtxErrorNotify             0x1107    0x20  Code  Gb  RTX_Config.o [1]
osRtxIdleThread              0x18fb     0x2  Code  Gb  RTX_Config.o [1]
osRtxInfo               0x2000'0000    0xa4  Data  Gb  rtx_kernel.o [2]
osRtxKernelPreInit           0x2f03     0x2  Code  Gb  rtx_lib.o [1]
osRtxMemoryAlloc              0xe35    0x84  Code  Gb  rtx_memory.o [2]
osRtxMemoryFree               0xec1    0x4a  Code  Gb  rtx_memory.o [2]
osRtxMemoryInit              0x2e43    0x44  Code  Gb  rtx_memory.o [2]
osRtxMemoryPoolAlloc          0xd99    0x44  Code  Gb  rtx_mempool.o [2]
osRtxMemoryPoolFree           0xddd    0x56  Code  Gb  rtx_mempool.o [2]
osRtxMemoryPoolInit           0xd4d    0x4a  Code  Gb  rtx_mempool.o [2]
osRtxMessageQueuePostProcess
                             0x1c37    0xe6  Code  Lc  rtx_msgqueue.o [2]
osRtxMutexOwnerRelease        0xf0d    0x52  Code  Gb  rtx_mutex.o [2]
osRtxPendSV_Handler          0x1001    0x8a  Code  Gb  rtx_system.o [2]
osRtxPostProcess             0x108d    0x6e  Code  Gb  rtx_system.o [2]
osRtxThreadBlock              0x4f7    0x34  Code  Lc  rtx_thread.o [2]
osRtxThreadDelayInsert        0x34f    0x62  Code  Lc  rtx_thread.o [2]
osRtxThreadDelayRemove        0x3b1    0x44  Code  Lc  rtx_thread.o [2]
osRtxThreadDelayTick          0x3f5    0xee  Code  Gb  rtx_thread.o [2]
osRtxThreadDispatch           0x547    0x54  Code  Gb  rtx_thread.o [2]
osRtxThreadFree               0x88d    0x56  Code  Lc  rtx_thread.o [2]
osRtxThreadListGet            0x2fb    0x14  Code  Gb  rtx_thread.o [2]
osRtxThreadListPut            0x2d9    0x22  Code  Gb  rtx_thread.o [2]
osRtxThreadListRemove         0x331    0x16  Code  Gb  rtx_thread.o [2]
osRtxThreadListSort           0x30f    0x22  Code  Gb  rtx_thread.o [2]
osRtxThreadPostProcess        0x60f    0x54  Code  Lc  rtx_thread.o [2]
osRtxThreadReadyPut           0x347     0x8  Code  Gb  rtx_thread.o [2]
osRtxThreadRegPtr             0x4e3    0x14  Code  Gb  rtx_thread.o [2]
osRtxThreadStackCheck         0xce5    0x28  Code  Gb  rtx_thread.o [2]
osRtxThreadStartup            0xb17    0x30  Code  Gb  rtx_thread.o [2]
osRtxThreadSwitch             0x52b    0x1c  Code  Gb  rtx_thread.o [2]
osRtxThreadWaitEnter          0x5d5    0x3a  Code  Gb  rtx_thread.o [2]
osRtxThreadWaitExit           0x5a1    0x2e  Code  Gb  rtx_thread.o [2]
osRtxTick_Handler             0xf91    0x6e  Code  Gb  rtx_system.o [2]
osRtxTimerThread             0x3a5d    0x44  Code  Gb  rtx_timer.o [2]
osRtxTimerTick               0x2833    0x54  Code  Lc  rtx_timer.o [2]
osRtxUserSVC                 0x3c70     0x4  Data  Gb  rtx_lib.o [1]
osThreadExit                  0xbd1    0x16  Code  Gb  rtx_thread.o [2]
osThreadFlagsSet              0xbf5    0x7a  Code  Gb  rtx_thread.o [2]
osThreadFlagsWait             0xc71    0x42  Code  Gb  rtx_thread.o [2]
osThreadNew                   0xb49    0x40  Code  Gb  rtx_thread.o [2]
osThreadSetPriority           0xb89    0x40  Code  Gb  rtx_thread.o [2]
osTimerNew                   0x2979    0x42  Code  Gb  rtx_timer.o [2]
osTimerStart                 0x29bd    0x3e  Code  Gb  rtx_timer.o [2]
os_idle_thread_attr          0x3b34    0x24  Data  Lc  rtx_lib.o [1]
os_idle_thread_cb       0x2000'2240    0x44  Data  Lc  rtx_lib.o [1]
os_idle_thread_stack    0x2000'21f8    0x48  Data  Lc  rtx_lib.o [1]
os_isr_queue            0x2000'22c8    0x40  Data  Lc  rtx_lib.o [1]
os_mem                  0x2000'00a8  0x2000  Data  Lc  rtx_lib.o [1]
os_timer_mq_attr             0x3c34    0x18  Data  Lc  rtx_lib.o [1]
os_timer_mq_cb          0x2000'2308    0x34  Data  Lc  rtx_lib.o [1]
os_timer_mq_data        0x2000'21a8    0x50  Data  Lc  rtx_lib.o [1]
os_timer_thread_attr         0x3b58    0x24  Data  Lc  rtx_lib.o [1]
os_timer_thread_cb      0x2000'2284    0x44  Data  Lc  rtx_lib.o [1]
os_timer_thread_stack   0x2000'20a8   0x100  Data  Lc  rtx_lib.o [1]
out                          0x2a35    0x18  Code  Lc  xprintftiny.o [3]
ranmatch                     0x169b    0x42  Code  Lc  xscanflarge_nomb.o [3]
sec_hand                0x2000'2390     0x4  Data  Lc  xfail_s.o [3]
sprintf                      0x2799    0x40  Code  Gb  sprintf.o [3]
sscanf                       0x2a0d    0x28  Code  Gb  sscanf.o [3]
strchr                       0x18e5          Code  Gb  strchr.o [6]
strlen                       0x2b75          Code  Gb  strlen.o [6]
strtol                       0x1ad7     0x4  Code  Gb  iar_Stolx.o [3]
strtoul                      0x1a41     0x2  Code  Gb  iar_Stoulx.o [3]
svcRtxKernelGetState         0x2cc3    0x12  Code  Lc  rtx_kernel.o [2]
svcRtxKernelInitialize       0x2bad   0x116  Code  Lc  rtx_kernel.o [2]
svcRtxKernelStart            0x2cd5    0x96  Code  Lc  rtx_kernel.o [2]
svcRtxMessageQueueGet        0x1f21    0xe8  Code  Lc  rtx_msgqueue.o [2]
svcRtxMessageQueueNew        0x1d1d   0x130  Code  Lc  rtx_msgqueue.o [2]
svcRtxMessageQueuePut        0x1e4d    0xd4  Code  Lc  rtx_msgqueue.o [2]
svcRtxThreadExit              0x8e3    0x8e  Code  Lc  rtx_thread.o [2]
svcRtxThreadFlagsSet          0x971    0x9c  Code  Lc  rtx_thread.o [2]
svcRtxThreadFlagsWait         0xa11   0x106  Code  Lc  rtx_thread.o [2]
svcRtxThreadNew               0x663   0x1cc  Code  Lc  rtx_thread.o [2]
svcRtxThreadSetPriority
                              0x835    0x50  Code  Lc  rtx_thread.o [2]
svcRtxTimerNew               0x2887    0x9e  Code  Lc  rtx_timer.o [2]
svcRtxTimerStart             0x2925    0x4c  Code  Lc  rtx_timer.o [2]
timerElevatorWaitStateCallback
                             0x278b     0xc  Code  Gb  elevatorfunctions.o [1]
uartTx                       0x3247    0x3c  Code  Gb  uart_device.o [1]


[1] = C:\Users\brozo\Documents\utfpr 2021 2\Embarcados\Projeto final\TM4C1294_RTOS_IAR9-main\Projects\tarefas\ewarm\Obj
[2] = RTX_CM.a
[3] = dl7M_tln.a
[4] = driverlib.a
[5] = m7M_tls.a
[6] = rt7M_tl.a
[7] = shb_l.a

  14'412 bytes of readonly  code memory
   1'105 bytes of readonly  data memory
  42'501 bytes of readwrite data memory

Errors: none
Warnings: none
